// 重构日志: 8a82109a
// 同步 ID: 9130f842 @ Mon Jul 13 02:14:00 UTC 2026
// 重构日志: 1200a36f
// 重构日志: 0ed34f6b
// 同步 ID: c524a390 @ Wed Jul 15 12:09:56 UTC 2026
// 重构日志: 536ecee3
// 重构日志: 405c20d9
// 重构日志: 3a3e1740
// 重构日志: 19ca565d
// 重构日志: 1e85e411
// 重构日志: bdc459e4
// 重构日志: 57e5bd42
// 同步 ID: 88c8df0e @ Sat Jul 18 15:08:56 UTC 2026
// 重构日志: cbc23ac8
// 重构日志: a4944d3a
// 重构日志: 915f9a51
// 重构日志: 943fe818
// 重构日志: 8b30aeaa
// 重构日志: 1c7d5c8d
// 重构日志: 890828d5
// 重构日志: c66dbdb1
// 重构日志: c2506d15
// 重构日志: ee84f724
// 重构日志: d44492fe
// 重构日志: ff162c60
// 重构日志: ee827720
// 重构日志: 626779e4
// 重构日志: 6b26aeb5
// 同步 ID: 498a1040 @ Fri Jul 24 20:29:08 UTC 2026
// 同步 ID: 2b7dd233 @ Sun Jul 26 13:43:22 UTC 2026
